flow123d_version: 1.8.3
problem: !SequentialCoupling
  description: Test
  mesh:
    mesh_file: mesh.msh
  primary_equation: !Steady_MH
  
    # Test data
    input_fields:
      # Transposed input_fields to array with two items
      - rid: 1
        # and converted anisotropy values into two dimensional arrays
        anisotropy: !FieldConstant
          value:
            - [1]
            - [2]
            - [3]
              
      - rid: 2
        anisotropy: !FieldConstant
          value:
            - [4]
            - [5]
            - [6]


    # Placeholder data
    solver: !Petsc
        r_tol: 1
        a_tol: 1
    balance: 
      balance_on: true
    output:
      output_stream: 
        file: ./test1.pvd
        format: !gmsh
      output_fields:
        - pressure_diff
